" "						"-=- GENERAL MOVEMENT -=-"
"+forward"				"Run forward"
"+back"					"Run back"
"+left"					"Turn left"
"+right"				"Turn right"
"+moveleft"				"Move left (strafe)"
"+moveright"			"Move right (strafe)"
"+speed"				"Walk/run toggle"
"+jump"					"Jump"
"+duck"					"Duck"
"+use"					"Use"
"+strafe"				"Strafe modifier"
"+lookup"				"Look up"
"+lookdown"				"Look down"
"centerview"			"Look straight ahead"
"+mlook"				"Mouse look modifier"
"+klook"				"Keyboard look modifier"
" "						" "
" "						"-=- SPECIAL MOVEMENT -=-"
"+dive"					"Dive 'Action' key"
"+roll"					"Roll 'Action' key"
"mv_diveforward"		"Dive forward"
"mv_divebackward"		"Dive backward"
"mv_diveleft"			"Dive left"
"mv_diveright"			"Dive right"
"mv_dodgeleft"			"Dodge left"
"mv_dodgeright"			"Dodge right"
"mv_rollforward"		"Roll forward"
"mv_rollleft"			"Roll left"
"mv_rollright"			"Roll right"
" "						" "
" "						"-=- WEAPONS -=-"
"+attack"				"Attack"
"slot1"					"Slot 1"
"slot2"					"Slot 2"
"slot3" 				"Slot 3"
"slot4"					"Slot 4"
"slot5"					"Slot 5"
"slot6"					"Slot 6"
"slot7"					"Slot 7"
"slot8" 				"Slot 8"
"slot9"					"Slot 9"
"slot10"				"Slot 10"
"invprev"				"Previous weapon"
"invnext"				"Next weapon"
"lastinv"				"Last used weapon"
"+reload"				"Reload"
"+attack2"				"Special weapon function"
"opera_panic"			"Panic - Eject Tomcats"
"holster"				"Holster weapon"
"dropweapon"			"Drop Weapon"
" "						" "
" "						"-=- MENUS -=-"
"_menu_motd"			"Message Of The Day"
"_menu_discipline"		"Discipline Menu"
"_menu_character"		"Character Selection"
"_menu_config"			"Weapon Configuration"
" "						" "
" "						"-=- GENERAL -=-"
"opera_hero"			"Heroic Act"
"insult"				"Yell an Insult"
"toggleconsole"			"Toggle console"
" "						" "
" "						"-= GAME -=-"
"op_thirdperson"		"Third Person view"
"+showscores"			"Display Match Statistics"
"messagemode"			"Chat message"
"snapshot"				"Take screen shot"
"quit"					"Quit game"
" "						" "
" "						"-=- MP3 PLAYER -=-"
"mp3_play"				"MP3 - Play"
"mp3_prev"				"MP3 - Previous Song"
"mp3_next"				"MP3 - Next Song"
"mp3_stop"				"MP3 - Stop"
"mp3_random"			"MP3 - Randomized Play"
" "						" "
" "						"-=- CD PLAYER -=-"
"cd_play"				"CD - Play"
"cd_prev"				"CD - Previous Song"
"cd_next"				"CD - Next Song"
"cd_pause"				"CD - Pause"
"cd_stop"				"CD - Stop"
"cd_restart"			"CD - Restart Track"
"cd_random"				"CD - Randomized Play"
"cd_eject"				"CD - Eject"
